// Jest Snapshot v1, https://goo.gl/fbAQLP

exports[`<AddExpense /> render() renders the component 1`] = `
<div>
  <h3>
    Add Expense
  </h3>
  <form>
    <div>
      <label>
        Expense: 
      </label>
      <br />
      <input
        type="text"
      />
    </div>
    <div>
      <label>
        Cost: 
      </label>
      <br />
      <input
        type="text"
      />
    </div>
    <div>
      <label>
        Category: 
      </label>
      <br />
      <input
        type="text"
      />
    </div>
    <div>
      <label>
        Frequency: 
      </label>
      <br />
      <input
        type="text"
      />
    </div>
    <div>
      <label>
        Date: 
      </label>
      <br />
      <input
        type="text"
      />
    </div>
    <br />
    <button
      type="submit"
    >
      Submit
    </button>
  </form>
</div>
`;
